-- LOCKED: the kimchi knowledge-soundness endpoints. Frozen text.
-- Regenerating this file is a STATEMENT CHANGE and requires explicit sign-off.
### TARGET-VESTA
theorem vesta_kimchi_knowledge_sound {nc k n : ℕ} [NeZero n]
    (B : IpaVesta.Point) (fam : KimchiFamily IpaVesta.curve nc k n)
    (coins : Zcash.Snark.RecursiveForkCoins Prechallenge (k + 1))
    (hcoins : coins.Complete) {R : ℕ} {ε δ : ℝ≥0∞}
    (hHard : fam.DiscreteLogRelationHardFor B coins R ε δ)
    (hEff : fam.ReductionEfficient coins R) :
    (PMF.uniformOfFintype
        ((SetupIndex (2 ^ k) → IpaVesta.curve.ScalarField) × Coins _ nc k)).toOuterMeasure
        {q | fam.Wins (augOfSetup (Zcash.Snark.scalarBasis B q.1)) q.2 ∧
          ¬ fam.ExtractsWitness (augOfSetup (Zcash.Snark.scalarBasis B q.1)) q.2 coins}
      ≤ (fam.Q + k + 1) * (3 / (2 ^ 128 : ℕ))
        + ((2 ^ k + 1 : ℕ) : ℝ≥0∞) * ε + δ
        + ((fam.Q + 1 : ℕ) : ℝ≥0∞) * ((szBudget nc n fam.idx.zkRows : ℝ≥0∞) / (2 ^ 128 : ℕ)) := by
### TARGET-PALLAS
theorem pallas_kimchi_knowledge_sound {nc k n : ℕ} [NeZero n]
    (B : IpaPallas.Point) (fam : KimchiFamily IpaPallas.curve nc k n)
    (coins : Zcash.Snark.RecursiveForkCoins Prechallenge (k + 1))
    (hcoins : coins.Complete) {R : ℕ} {ε δ : ℝ≥0∞}
    (hHard : fam.DiscreteLogRelationHardFor B coins R ε δ)
    (hEff : fam.ReductionEfficient coins R) :
    (PMF.uniformOfFintype
        ((SetupIndex (2 ^ k) → IpaPallas.curve.ScalarField) × Coins _ nc k)).toOuterMeasure
        {q | fam.Wins (augOfSetup (Zcash.Snark.scalarBasis B q.1)) q.2 ∧
          ¬ fam.ExtractsWitness (augOfSetup (Zcash.Snark.scalarBasis B q.1)) q.2 coins}
      ≤ (fam.Q + k + 1) * (3 / (2 ^ 128 : ℕ))
        + ((2 ^ k + 1 : ℕ) : ℝ≥0∞) * ε + δ
        + ((fam.Q + 1 : ℕ) : ℝ≥0∞) * ((szBudget nc n fam.idx.zkRows : ℝ≥0∞) / (2 ^ 128 : ℕ)) := by
### WINS
def Wins (basis : Zcash.Snark.AugmentedIndex (2 ^ k) → C.Point) (O : Coins C nc k) : Prop :=
  kimchiVerifyWith (srsOfBasis k basis) (fam.cvk basis) (fam.proofOf basis O) (fam.pub basis)
      (reads (fam.digest basis) (fam.publicComm basis) (fam.proofOf basis O) O Squeeze.beta)
      (reads (fam.digest basis) (fam.publicComm basis) (fam.proofOf basis O) O Squeeze.gamma)
      (reads (fam.digest basis) (fam.publicComm basis) (fam.proofOf basis O) O Squeeze.alpha)
      (reads (fam.digest basis) (fam.publicComm basis) (fam.proofOf basis O) O Squeeze.zeta)
      (reads (fam.digest basis) (fam.publicComm basis) (fam.proofOf basis O) O
        Squeeze.polyscale)
      (reads (fam.digest basis) (fam.publicComm basis) (fam.proofOf basis O) O
        Squeeze.evalscale)
      (fam.warmBase basis O)
      (Vector.ofFn fun i : Fin k =>
        reads (fam.digest basis) (fam.publicComm basis) (fam.proofOf basis O) O
          (Squeeze.ipaRound i))
      (reads (fam.digest basis) (fam.publicComm basis) (fam.proofOf basis O) O Squeeze.schnorr)
    = true
### EXTRACTS-WITNESS
def ExtractsWitness (basis : Zcash.Snark.AugmentedIndex (2 ^ k) → C.Point) (O : Coins C nc k)
    (coins : Zcash.Snark.RecursiveForkCoins Prechallenge (k + 1)) : Prop :=
  ∃ a, fam.attempt basis O coins = some (PSum.inl a) ∧
    Satisfies fam.idx (pubView fam.idx (fam.pub basis))
      (runWTab (srsOfBasis k basis) (fam.cvk basis) (fam.proofOf basis O) (fam.pub basis)
        fam.idx a)
### RELATION-FINDER
noncomputable def relationFinder (coins : Zcash.Snark.RecursiveForkCoins Prechallenge (k + 1)) :
    (bs : SetupIndex (2 ^ k) → C.Point) → Coins C nc k →
      Option (Zcash.Snark.AlgebraicRelationWitness (F := C.ScalarField) bs) :=
  fun bs O =>
    match fam.attempt (augOfSetup bs) O coins with
    | none => none
    | some (PSum.inl _) => none
    | some (PSum.inr rel) =>
        if hu : rel.coeffs Zcash.Snark.AugmentedIndex.u = 0 then
          some (setupBasis_srsOfBasis_augOfSetup_override bs
            (fam.warmBase (augOfSetup bs) O) ▸ restrictToSetup rel hu)
        else none
