-- LOCKED: the target statement (docs/locked-target.md). Frozen text.
-- Regenerating this file is a STATEMENT CHANGE and requires explicit sign-off.
### TARGET
theorem deployedExtract_failure_measure_le
    (hsmul : ∀ (z : C.ScalarField) (Q : C.Point), z • Q = z.val • Q)
    (hinj : Function.Injective (expandPre C)) (hne : ∀ q, expandPre C q ≠ 0)
    (σ : SRS C.Point) (claim : Ipa.Input C σ.k m p)
    (pg : Fin (2 ^ σ.k) → C.ScalarField) (pw : C.ScalarField)
    (hP : combinedCommitment claim.polyscale claim.commitmentFn
      = commitGen σ.g pg + pw • σ.h)
    (A : Zcash.Snark.OracleComp (IpaNode C σ.k) Prechallenge (Ipa.Proof C σ.k))
    {Q : ℕ} (hQ : A.QueryBound Q)
    (coins : Zcash.Snark.RecursiveForkCoins Prechallenge (σ.k + 1)) (hcoins : coins.Complete) :
    (PMF.uniformOfFintype (IpaNode C σ.k → Prechallenge)).toOuterMeasure
        {O | wireWins σ claim O (A.run O) ∧
          deployedExtract σ (Ipa.cipOf claim)
              (combinedEvalVector (2 ^ σ.k) claim.evalscale claim.pointFn)
              (Ipa.cipOf claim) (combinedCommitment claim.polyscale claim.commitmentFn)
              pg pw hP A O coins = none}
      ≤ (Q + σ.k + 1) * (3 / (2 ^ 128 : ℕ)) := by
### EXTRACTOR
def deployedExtract (σ : SRS C.Point) (cip : C.ScalarField)
    (b : Fin (2 ^ σ.k) → C.ScalarField) (v : C.ScalarField) (P : C.Point)
    (pg : Fin (2 ^ σ.k) → C.ScalarField) (pw : C.ScalarField)
    (hP : P = commitGen σ.g pg + pw • σ.h)
    (A : Zcash.Snark.OracleComp (IpaNode C σ.k) Prechallenge (Ipa.Proof C σ.k))
    (O : IpaNode C σ.k → Prechallenge)
    (coins : Zcash.Snark.RecursiveForkCoins Prechallenge (σ.k + 1)) :
    Option (OpeningOrBreak { σ with U := uBaseOf C cip } P b v) :=
### CONCLUSION-TYPE
abbrev OpeningOrBreak (σ : SRS G) (P : G) (b : Fin (2 ^ σ.k) → F) (v : F) : Type _ :=
  (Σ' (a : Fin (2 ^ σ.k) → F) (ρ : F), openingRelationB σ P b v a ρ)
    ⊕' Zcash.Snark.AlgebraicRelationWitness (F := F)
        (Zcash.Snark.augmentedBasis σ.g σ.U σ.h)
### TERMINAL
theorem deployedExtract_noOpening_measure_le_of_textbookDL
    (hsmul : ∀ (z : C.ScalarField) (Q : C.Point), z • Q = z.val • Q)
    (hinj : Function.Injective (expandPre C)) (hne : ∀ q, expandPre C q ≠ 0)
    (B : C.Point) (fam : DeployedFamily C k m p)
    (coins : Zcash.Snark.RecursiveForkCoins Prechallenge (k + 1))
    (hcoins : coins.Complete) {ε δ : ℝ≥0∞}
    (hDL : Zcash.Snark.TextbookDLWithCoinsAdvantageLE B (relationFinder fam coins) ε)
    (hUDL : DerivedUDLAdvantageLE fam B coins δ) :
    (PMF.uniformOfFintype
        ((SetupIndex (2 ^ k) → C.ScalarField) × Coins C k)).toOuterMeasure
        {q | wireWins (srsOfBasis k (augOfSetup (Zcash.Snark.scalarBasis B q.1)))
                (fam.claim (augOfSetup (Zcash.Snark.scalarBasis B q.1))) q.2
                ((fam.adversary (augOfSetup (Zcash.Snark.scalarBasis B q.1))).run q.2) ∧
          ¬ fam.HasOpening (augOfSetup (Zcash.Snark.scalarBasis B q.1)) q.2 coins}
      ≤ (fam.Q + k + 1) * (3 / (2 ^ 128 : ℕ))
        + Fintype.card (SetupIndex (2 ^ k)) * ε + δ := by
### HAS-OPENING
def HasOpening (basis : Zcash.Snark.AugmentedIndex (2 ^ k) → C.Point) (O : Coins C k)
    (coins : Zcash.Snark.RecursiveForkCoins Prechallenge (k + 1)) : Prop :=
  ∃ w, fam.attempt basis O coins = some (PSum.inl w)
### RELATION-FINDER
def relationFinder (coins : Zcash.Snark.RecursiveForkCoins Prechallenge (k + 1)) :
    (bs : SetupIndex (2 ^ k) → C.Point) → Coins C k →
      Option (Zcash.Snark.AlgebraicRelationWitness (F := C.ScalarField) bs) :=
  fun bs O =>
    match fam.attempt (augOfSetup bs) O coins with
    | none => none
    | some (PSum.inl _) => none
    | some (PSum.inr rel) =>
        if hu : rel.coeffs Zcash.Snark.AugmentedIndex.u = 0 then
          some (setupBasis_srsOfBasis_augOfSetup_override bs
            (uBaseOf C (Ipa.cipOf (fam.claim (augOfSetup bs)))) ▸ restrictToSetup rel hu)
        else none
### RESIDUAL-ASSUMPTION
def DerivedUDLAdvantageLE (B : C.Point)
    (coins : Zcash.Snark.RecursiveForkCoins Prechallenge (k + 1)) (bound : ℝ≥0∞) : Prop :=
  (PMF.uniformOfFintype ((SetupIndex (2 ^ k) → C.ScalarField) × Coins C k)).toOuterMeasure
      {q | (derivedULog fam B coins q.1 q.2).isSome} ≤ bound
